../Core/Src/main.c:23:6:lcd_write_nibble	32	static
../Core/Src/main.c:34:6:lcd_send_cmd	24	static
../Core/Src/main.c:44:6:lcd_send_data	24	static
../Core/Src/main.c:51:6:lcd_init	8	static
../Core/Src/main.c:67:6:lcd_write_string	16	static
../Core/Src/main.c:73:6:lcd_set_cursor	24	static
../Core/Src/main.c:89:6:lcd_clear	8	static
../Core/Src/main.c:94:6:lcd_backlight	16	static
../Core/Src/main.c:101:5:map	24	static
../Core/Src/main.c:105:5:main	48	static
../Core/Src/main.c:150:6:SystemClock_Config	88	static
../Core/Src/main.c:197:13:MX_ADC1_Init	24	static
../Core/Src/main.c:249:13:MX_I2C1_Init	8	static
../Core/Src/main.c:280:13:MX_USART2_UART_Init	8	static
../Core/Src/main.c:313:13:MX_GPIO_Init	48	static
../Core/Src/main.c:353:6:Error_Handler	4	static,ignoring_inline_asm
