../Core/Src/main.c:35:10:ReadPulseSensor	96	static
../Core/Src/main.c:56:12:ReadPulseSensor	88	static
../Core/Src/main.c:43:5:main	24	static
../Core/Src/main.c:88:6:lcd_write_nibble	32	static
../Core/Src/main.c:98:6:lcd_send_cmd	24	static
../Core/Src/main.c:107:6:lcd_send_data	24	static
../Core/Src/main.c:113:6:lcd_init	8	static
../Core/Src/main.c:128:6:lcd_write_string	16	static
../Core/Src/main.c:133:6:lcd_set_cursor	24	static
../Core/Src/main.c:148:6:lcd_clear	8	static
../Core/Src/main.c:152:6:lcd_backlight	16	static
../Core/Src/main.c:160:6:SystemClock_Config	88	static
../Core/Src/main.c:207:13:MX_ADC1_Init	24	static
../Core/Src/main.c:250:13:MX_I2C1_Init	8	static
../Core/Src/main.c:281:13:MX_USART2_UART_Init	8	static
../Core/Src/main.c:314:13:MX_GPIO_Init	48	static
../Core/Src/main.c:354:6:Error_Handler	4	static,ignoring_inline_asm
